--- Starting API Tests ---

[TC-02] Testing: Register valid new donor
Status: 201
Result: Success

[TC-01] Testing: Register duplicate donor
Status: 400
Body: { success: false, msg: 'User already exists with this email' }

[TC-03] Testing: Create donation with expiry before prepared time
Status: 400
Body: { success: false, msg: 'Expiry time must be after prepared time' }

[TC-04] Testing: Create valid donation
Status: 201
Result: Success Donation ID: 69cd19dc30be006325f77a42

--- API Tests Finished ---
